error: invalid value 'z' for '--framework <FRAMEWORK>'
  [possible values: auto, foundry, hardhat-ts, rust]

For more information, try '--help'.
