4 candidates in 1 test file
examples/basic/src/lib.rs: dry running
examples/basic/src/lib.rs: mutilating
examples/basic/src/lib.rs:4:5-4:12: `n += 1;` passed
