error: invalid value 'z' for '--framework <FRAMEWORK>'
  [possible values: anchor-ts, auto, foundry, go, hardhat-ts, rust]

For more information, try '--help'.
