4 candidates in 1 test file
examples/basic/src/lib.rs: dry running
examples/basic/src/lib.rs: mutilating
examples/basic/src/lib.rs:4:5-4:12: `n += 1;` passed
examples/basic/src/lib.rs:14:9-14:16: `n += 1;` timed-out
examples/basic/src/lib.rs:21:5-21:12: `n += 1;` failed
examples/basic/src/lib.rs:28:18-28:27: `.join("")` nonbuildable
