Error: No sqlite database found to reset at "[CWD]/examples/basic/necessist.db"; creating new database
