4 candidates in 4 tests in 1 test file
fixtures/cfg/src/lib.rs: dry running
fixtures/cfg/src/lib.rs: mutilating
