1 candidates in 1 test file
examples/dry_run_failure/tests/b.rs: dry running
examples/dry_run_failure/tests/b.rs: mutilating
examples/dry_run_failure/tests/b.rs:4:5-4:12: `n += 1;` passed
