2 candidates in 2 test files
examples/failure/tests/a.rs: dry running
examples/failure/tests/a.rs: Warning: dry run failed: code=101
stdout=```

running 1 test
test dry_run_failed ... FAILED

failures:

---- dry_run_failed stdout ----
thread /'dry_run_failed/' panicked at /'assertion failed: n >= 2/', tests/a.rs:5:5
note: run with `RUST_BACKTRACE=1` environment variable to display a backtrace


failures:
    dry_run_failed

test result: FAILED. 0 passed; 1 failed; 0 ignored; 0 measured; 0 filtered out; finished in [..]s

```

stderr=```
[..]
    Finished test [unoptimized + debuginfo] target(s) in [..]s
     Running tests/a.rs (examples/failure/target/debug/deps/a-[..])
error: test failed, to rerun pass `--test a`
```


Silence this warning with: --allow dry-run-failed
examples/failure/tests/b.rs: dry running
examples/failure/tests/b.rs: mutilating
examples/failure/tests/b.rs:4:5-4:12: `n += 1;` passed
