Warning: Failed to parse "src/lib.rs": expected an expression
Silence this warning with: --allow parsing-failed
0 candidates in 0 tests in 0 test files
