Error: Configuration file contains unknown keys: [
    "unknown_key",
]
