Error: Found an sqlite database at "[CWD]/examples/basic/necessist.db"; please pass either --reset or --resume
