4 candidates in 4 tests in 1 test file
fixtures/basic/src/lib.rs: dry running
fixtures/basic/src/lib.rs: mutilating
fixtures/basic/src/lib.rs:4:5-4:12: `n += 1;` passed
