18 candidates in 2 test files
$DIR/contracts/test/v0.8/foundry/dev/special/NoCancelVRFCoordinatorV2.t.sol: dry running
$DIR/contracts/test/v0.8/foundry/dev/special/NoCancelVRFCoordinatorV2.t.sol: mutilating
$DIR/contracts/test/v0.8/foundry/dev/special/NoCancelVRFCoordinatorV2.t.sol:42:5-42:40: `s_coordinator.createSubscription();` failed
$DIR/contracts/test/v0.8/foundry/dev/special/NoCancelVRFCoordinatorV2.t.sol:42:18-42:39: `.createSubscription()` failed
$DIR/contracts/test/v0.8/foundry/dev/special/NoCancelVRFCoordinatorV2.t.sol:70:5-70:40: `s_coordinator.createSubscription();` failed
$DIR/contracts/test/v0.8/foundry/dev/special/NoCancelVRFCoordinatorV2.t.sol:70:18-70:39: `.createSubscription()` failed
$DIR/contracts/test/v0.8/foundry/dev/special/NoCancelVRFCoordinatorV2.t.sol:80:42-80:59: `.balanceOf(OWNER)` nonbuildable
$DIR/contracts/test/v0.8/foundry/dev/special/NoCancelVRFCoordinatorV2.t.sol:87:5-87:82: `(balance, requestCount, owner, consumers) = s_coordinator.getSubscription(1);` failed
$DIR/contracts/test/v0.8/foundry/dev/special/NoCancelVRFCoordinatorV2.t.sol:95:41-95:58: `.balanceOf(OWNER)` nonbuildable
$DIR/contracts/test/v0.8/foundry/dev/special/NoCancelVRFCoordinatorV2.t.sol:102:47-106:6: `.calculatePaymentAmountTest(
      gasAfterPaymentCalculation,
      fulfillmentFlatFeeLinkPPM,
      weiPerUnitGas
    )` nonbuildable
$DIR/contracts/test/v0.8/foundry/functions/FunctionsOracle.t.sol: dry running
$DIR/contracts/test/v0.8/foundry/functions/FunctionsOracle.t.sol: mutilating
$DIR/contracts/test/v0.8/foundry/functions/FunctionsOracle.t.sol:26:22-26:39: `.typeAndVersion()` nonbuildable
$DIR/contracts/test/v0.8/foundry/functions/FunctionsOracle.t.sol:36:36-36:53: `.encode("newKey")` nonbuildable
$DIR/contracts/test/v0.8/foundry/functions/FunctionsOracle.t.sol:39:49-39:67: `.getDONPublicKey()` nonbuildable
$DIR/contracts/test/v0.8/foundry/functions/FunctionsOracle.t.sol:45:5-45:44: `s_oracle.setDONPublicKey(donPublicKey);` failed
$DIR/contracts/test/v0.8/foundry/functions/FunctionsOracle.t.sol:45:13-45:43: `.setDONPublicKey(donPublicKey)` failed
$DIR/contracts/test/v0.8/foundry/functions/FunctionsOracle.t.sol:46:44-46:62: `.getDONPublicKey()` nonbuildable
$DIR/contracts/test/v0.8/foundry/functions/FunctionsOracle.t.sol:77:47-77:61: `.getRegistry()` nonbuildable
$DIR/contracts/test/v0.8/foundry/functions/FunctionsOracle.t.sol:81:5-81:43: `s_oracle.setRegistry(registryAddress);` failed
$DIR/contracts/test/v0.8/foundry/functions/FunctionsOracle.t.sol:81:13-81:42: `.setRegistry(registryAddress)` failed
$DIR/contracts/test/v0.8/foundry/functions/FunctionsOracle.t.sol:82:42-82:56: `.getRegistry()` nonbuildable
