4 candidates in 1 test file
examples/cfg/src/lib.rs: dry running
examples/cfg/src/lib.rs: mutilating
