4 candidates in 1 test file
examples/cfg/src/lib.rs: dry running
examples/cfg/src/lib.rs: mutilating
examples/cfg/src/lib.rs:5:5-5:12: Warning: Failed to run test `passed`

This may indicate a bug in Necessist. Consider opening an issue at: https://github.com/trailofbits/necessist/issues

examples/cfg/src/lib.rs:13:9-13:16: Warning: Failed to run test `timed_out`
examples/cfg/src/lib.rs:21:5-21:12: Warning: Failed to run test `failed`
examples/cfg/src/lib.rs:29:18-29:27: Warning: Failed to run test `nonbuildable`
